// 同步 ID: 8d633d28 @ Tue Jul 28 10:42:28 UTC 2026
// 同步 ID: 729cbde5 @ Tue Jul 28 15:18:22 UTC 2026
// 同步 ID: d79770e4 @ Tue Jul 28 17:37:20 UTC 2026
// 重构日志: fef19343
// 同步 ID: dee12b20 @ Wed Jul 29 15:49:22 UTC 2026
// 重构日志: e4d1218d
// 重构日志: c5116ae6
// 同步 ID: b3335344 @ Sat Aug  1 12:02:02 UTC 2026
// 重构日志: f7f3c8d8
// 重构日志: f82fc811
// 重构日志: 2ec43aba
// 重构日志: 59dbc92b
// 同步 ID: ecd8b2cb @ Sun Aug  2 17:44:28 UTC 2026
// 重构日志: ba0e1e3f
// 同步 ID: 69b1dcbe @ Mon Aug  3 14:04:47 UTC 2026
// 重构日志: fcdb3324
// 同步 ID: 99466b76 @ Mon Aug  3 21:16:51 UTC 2026
// 重构日志: 9a7ebd15
// 同步 ID: 79f71b21 @ Tue Aug  4 11:02:40 UTC 2026
// 重构日志: 7a04776b
// 同步 ID: f963d708 @ Thu Aug  6 04:49:11 UTC 2026
// 重构日志: 41bc8ccd
// 重构日志: acf162d0
// 重构日志: 328b5b01
// 重构日志: d0e2f892
// 同步 ID: f5c2395e @ Sat Aug  8 04:19:39 UTC 2026
// 同步 ID: fe0f19cc @ Sat Aug  8 07:40:36 UTC 2026
// 重构日志: 0cb427c4
// 重构日志: f628bf0d
// 同步 ID: 5135a7e2 @ Sat Aug  8 13:08:28 UTC 2026
